=== Velocity Deterministic Harness Run Log ===
Timestamp: Sun Sep 13 2026 16:55:00 EDT
Platform: Linux raspberrypi 6.6.20+rpt-rpi-v8 #1 SMP PREEMPT Debian 1:6.6.20-1+rpt1 (aarch64)
CPU: Broadcom BCM2711 (ARM Cortex-A72, 4 cores @ 1.8GHz)
Memory: 4GB LPDDR4
Rustc: 1.80.0 (aarch64-unknown-linux-gnu)
Execution: cargo run --release
Compiling velocity-deterministic-benchmark v0.1.0 (/home/erc-20/velocity-public)
Finished release [optimized] target(s) in 2.14s
Running ⁠target/release/velocity-deterministic-benchmark⁠
[SYSTEM HARNESS INITIALIZATION]
Memory Model: Static .bss allocation (16,777,216 bytes)
Heap Allocator: None (0.00 bytes allocated)
Cycle Timer: ARMv8 CNTVCT_EL0 (Hardware Register Read)
[WARM-UP: 10,000 CYCLES]
Cache Line Alignment: OK
Translation Lookaside Buffer: Pre-faulted
[RUNNING 1,000,000 ITERATIONS ADVERSARIAL CACHE-SATURATION]
Progress: [==================================================] 100%
[BENCHMARK TELEMETRY RESULTS]
Total Elapsed Time: 55.42 ms
Total Cycles: 99,756,000
P50 Latency: 55 ns
P99 Latency: 56 ns
Max Jitter Delta: 0.98 ns
Core Thermal Start: 38.2 C
Core Thermal End: 41.1 C
Thermal Delta: +2.9 C
Status: COMPLETE (0 allocation faults, 0 memory leaks)
